// Jest Snapshot v1, https://goo.gl/fbAQLP

exports[`set getData getData correct 1`] = `
[
  "1",
  "2",
  "3",
]
`;
